// Jest Snapshot v1, https://goo.gl/fbAQLP

exports[`<Main/> should render the heading 1`] = `
<main
  class="styles__Wrapper-sc-dzx1ao-0 VFBNQ"
>
  <img
    alt="Imagem de átomo e React Avançado escrito ao lado"
    class="styles__Logo-sc-dzx1ao-1 fqmfdP"
    src="/img/logo.svg"
  />
  <h1
    class="styles__Title-sc-dzx1ao-2 iwViSR"
  >
    Guilherme Tâmega
  </h1>
  <h2
    class="styles__Description-sc-dzx1ao-3 filQvO"
  >
    Desenvolvedor de programas esquisitos
  </h2>
  <img
    alt="Homem sentado em uma cadeira em frente a uma grande tela com códigos"
    class="styles__Illustration-sc-dzx1ao-4 dZrGPP"
    src="/img/hero-illustration.svg"
  />
</main>
`;
